// Jest Snapshot v1, https://goo.gl/fbAQLP

exports[`createResolvers should extend the SanityImageAsset type adding a localFile field of type File 1`] = `
Object {
  "fit": Object {
    "defaultValue": "crop",
    "type": Object {},
  },
  "format": Object {
    "type": Object {
      "name": "SanityTransformImagesImageFormat",
      "values": Object {
        "JPG": Object {
          "value": "jpg",
        },
        "PJPG": Object {
          "value": "pjpg",
        },
        "PNG": Object {
          "value": "png",
        },
        "WEBP": Object {
          "value": "webp",
        },
      },
    },
  },
  "height": Object {
    "type": Object {},
  },
  "width": Object {
    "type": Object {},
  },
}
`;
